Warning: You are sending unauthenticated requests to the HF Hub. Please set a HF_TOKEN to enable higher rate limits and faster downloads.
Loading weights:   0%|          | 0/290 [00:00<?, ?it/s]Loading weights: 100%|██████████| 290/290 [00:00<00:00, 4346.13it/s]
bridges: 2.31M params | train items: 16384
{'step': 25, 'loss_ans': 0.4118, 'loss_param': 0.35118, 'gate': 0.206, 'sec_per_step': 2.24}
{'step': 50, 'loss_ans': 0.299, 'loss_param': 0.35832, 'gate': 0.1783, 'sec_per_step': 2.24}
{'step': 75, 'loss_ans': 0.2853, 'loss_param': 0.35628, 'gate': 0.1767, 'sec_per_step': 2.24}
{'step': 100, 'loss_ans': 0.291, 'loss_param': 0.33279, 'gate': 0.1845, 'sec_per_step': 2.24}
{'step': 125, 'loss_ans': 0.2827, 'loss_param': 0.29457, 'gate': 0.1882, 'sec_per_step': 2.24}
{'step': 150, 'loss_ans': 0.2791, 'loss_param': 0.10186, 'gate': 0.1897, 'sec_per_step': 2.24}
{'step': 175, 'loss_ans': 0.2896, 'loss_param': 0.04869, 'gate': 0.1934, 'sec_per_step': 2.24}
{'step': 200, 'loss_ans': 0.283, 'loss_param': 0.04592, 'gate': 0.187, 'sec_per_step': 2.24}
{'step': 225, 'loss_ans': 0.2788, 'loss_param': 0.03355, 'gate': 0.1889, 'sec_per_step': 2.24}
{'step': 250, 'loss_ans': 0.282, 'loss_param': 0.04658, 'gate': 0.1983, 'sec_per_step': 2.23}
{'step': 275, 'loss_ans': 0.2872, 'loss_param': 0.02212, 'gate': 0.187, 'sec_per_step': 2.23}
{'step': 300, 'loss_ans': 0.2845, 'loss_param': 0.03669, 'gate': 0.1934, 'sec_per_step': 2.23}
{'step': 325, 'loss_ans': 0.2953, 'loss_param': 0.03071, 'gate': 0.1995, 'sec_per_step': 2.23}
{'step': 350, 'loss_ans': 0.2768, 'loss_param': 0.02962, 'gate': 0.1981, 'sec_per_step': 2.23}
{'step': 375, 'loss_ans': 0.2813, 'loss_param': 0.03458, 'gate': 0.1944, 'sec_per_step': 2.23}
{'step': 400, 'loss_ans': 0.2805, 'loss_param': 0.02541, 'gate': 0.1897, 'sec_per_step': 2.23}
{'step': 425, 'loss_ans': 0.2787, 'loss_param': 0.01899, 'gate': 0.1881, 'sec_per_step': 2.23}
{'step': 450, 'loss_ans': 0.2695, 'loss_param': 0.02244, 'gate': 0.1875, 'sec_per_step': 2.23}
{'step': 475, 'loss_ans': 0.2806, 'loss_param': 0.02021, 'gate': 0.1886, 'sec_per_step': 2.23}
{'step': 500, 'loss_ans': 0.2921, 'loss_param': 0.02656, 'gate': 0.1965, 'sec_per_step': 2.23}
{'step': 525, 'loss_ans': 0.2731, 'loss_param': 0.02467, 'gate': 0.1975, 'sec_per_step': 2.23}
{'step': 550, 'loss_ans': 0.2844, 'loss_param': 0.02618, 'gate': 0.1866, 'sec_per_step': 2.23}
{'step': 575, 'loss_ans': 0.2753, 'loss_param': 0.02303, 'gate': 0.1972, 'sec_per_step': 2.23}
{'step': 600, 'loss_ans': 0.2751, 'loss_param': 0.01239, 'gate': 0.1896, 'sec_per_step': 2.23}
{'step': 625, 'loss_ans': 0.2904, 'loss_param': 0.01588, 'gate': 0.1929, 'sec_per_step': 2.23}
{'step': 650, 'loss_ans': 0.2807, 'loss_param': 0.0202, 'gate': 0.1864, 'sec_per_step': 2.23}
{'step': 675, 'loss_ans': 0.2854, 'loss_param': 0.01997, 'gate': 0.1872, 'sec_per_step': 2.23}
{'step': 700, 'loss_ans': 0.2671, 'loss_param': 0.0208, 'gate': 0.1948, 'sec_per_step': 2.24}
{'step': 725, 'loss_ans': 0.282, 'loss_param': 0.01119, 'gate': 0.186, 'sec_per_step': 2.24}
{'step': 750, 'loss_ans': 0.2752, 'loss_param': 0.02577, 'gate': 0.1994, 'sec_per_step': 2.24}
{'step': 775, 'loss_ans': 0.2819, 'loss_param': 0.01422, 'gate': 0.1782, 'sec_per_step': 2.24}
{'step': 800, 'loss_ans': 0.2736, 'loss_param': 0.00743, 'gate': 0.1929, 'sec_per_step': 2.24}
{'step': 825, 'loss_ans': 0.2785, 'loss_param': 0.00807, 'gate': 0.1865, 'sec_per_step': 2.24}
{'step': 850, 'loss_ans': 0.29, 'loss_param': 0.01137, 'gate': 0.182, 'sec_per_step': 2.24}
{'step': 875, 'loss_ans': 0.2697, 'loss_param': 0.00671, 'gate': 0.1814, 'sec_per_step': 2.24}
{'step': 900, 'loss_ans': 0.2776, 'loss_param': 0.00724, 'gate': 0.1915, 'sec_per_step': 2.24}
{'step': 925, 'loss_ans': 0.2724, 'loss_param': 0.00674, 'gate': 0.1967, 'sec_per_step': 2.24}
{'step': 950, 'loss_ans': 0.278, 'loss_param': 0.01266, 'gate': 0.1842, 'sec_per_step': 2.24}
{'step': 975, 'loss_ans': 0.285, 'loss_param': 0.00838, 'gate': 0.1754, 'sec_per_step': 2.24}
{'step': 1000, 'loss_ans': 0.2785, 'loss_param': 0.0123, 'gate': 0.1855, 'sec_per_step': 2.24}
CHUNK DONE step=1000 acc@0.05=0.08 mae=0.3702666666666667
Warning: You are sending unauthenticated requests to the HF Hub. Please set a HF_TOKEN to enable higher rate limits and faster downloads.
Loading weights:   0%|          | 0/290 [00:00<?, ?it/s]Loading weights: 100%|██████████| 290/290 [00:00<00:00, 5086.28it/s]
/Users/rxiii/.pyenv/versions/3.11.2/lib/python3.11/multiprocessing/resource_tracker.py:224: UserWarning: resource_tracker: There appear to be 1 leaked semaphore objects to clean up at shutdown
  warnings.warn('resource_tracker: There appear to be %d '
Warning: You are sending unauthenticated requests to the HF Hub. Please set a HF_TOKEN to enable higher rate limits and faster downloads.
Loading weights:   0%|          | 0/290 [00:00<?, ?it/s]Loading weights: 100%|██████████| 290/290 [00:00<00:00, 4992.52it/s]
bridges: 2.42M params | train items: 16384
{'step': 25, 'loss_ans': 0.4195, 'loss_param': 0.28913, 'gate': 0.2204, 'sec_per_step': 2.24}
{'step': 50, 'loss_ans': 0.3017, 'loss_param': 0.2905, 'gate': 0.1883, 'sec_per_step': 2.24}
{'step': 75, 'loss_ans': 0.2834, 'loss_param': 0.2876, 'gate': 0.1825, 'sec_per_step': 2.24}
{'step': 100, 'loss_ans': 0.2938, 'loss_param': 0.26838, 'gate': 0.1928, 'sec_per_step': 2.22}
{'step': 125, 'loss_ans': 0.2823, 'loss_param': 0.25551, 'gate': 0.1986, 'sec_per_step': 2.21}
{'step': 150, 'loss_ans': 0.2798, 'loss_param': 0.18041, 'gate': 0.1969, 'sec_per_step': 2.21}
{'step': 175, 'loss_ans': 0.2902, 'loss_param': 0.08349, 'gate': 0.2043, 'sec_per_step': 2.2}
{'step': 200, 'loss_ans': 0.2819, 'loss_param': 0.05571, 'gate': 0.1964, 'sec_per_step': 2.2}
{'step': 225, 'loss_ans': 0.2805, 'loss_param': 0.04664, 'gate': 0.1994, 'sec_per_step': 2.2}
{'step': 250, 'loss_ans': 0.2818, 'loss_param': 0.05658, 'gate': 0.2085, 'sec_per_step': 2.19}
{'step': 275, 'loss_ans': 0.2895, 'loss_param': 0.03658, 'gate': 0.1949, 'sec_per_step': 2.19}
{'step': 300, 'loss_ans': 0.2855, 'loss_param': 0.05157, 'gate': 0.1989, 'sec_per_step': 2.19}
{'step': 325, 'loss_ans': 0.2952, 'loss_param': 0.04636, 'gate': 0.2039, 'sec_per_step': 2.19}
{'step': 350, 'loss_ans': 0.2761, 'loss_param': 0.03521, 'gate': 0.2122, 'sec_per_step': 2.19}
{'step': 375, 'loss_ans': 0.2781, 'loss_param': 0.05041, 'gate': 0.2047, 'sec_per_step': 2.19}
{'step': 400, 'loss_ans': 0.2786, 'loss_param': 0.02786, 'gate': 0.2072, 'sec_per_step': 2.19}
{'step': 425, 'loss_ans': 0.2787, 'loss_param': 0.0286, 'gate': 0.204, 'sec_per_step': 2.19}
{'step': 450, 'loss_ans': 0.2701, 'loss_param': 0.02582, 'gate': 0.2046, 'sec_per_step': 2.18}
{'step': 475, 'loss_ans': 0.2811, 'loss_param': 0.03043, 'gate': 0.1983, 'sec_per_step': 2.18}
{'step': 500, 'loss_ans': 0.2925, 'loss_param': 0.03559, 'gate': 0.2027, 'sec_per_step': 2.18}
{'step': 525, 'loss_ans': 0.2678, 'loss_param': 0.02137, 'gate': 0.2065, 'sec_per_step': 2.18}
{'step': 550, 'loss_ans': 0.2847, 'loss_param': 0.02441, 'gate': 0.2007, 'sec_per_step': 2.18}
{'step': 575, 'loss_ans': 0.278, 'loss_param': 0.02201, 'gate': 0.1946, 'sec_per_step': 2.18}
{'step': 600, 'loss_ans': 0.2773, 'loss_param': 0.01324, 'gate': 0.1905, 'sec_per_step': 2.19}
{'step': 625, 'loss_ans': 0.2887, 'loss_param': 0.01635, 'gate': 0.1839, 'sec_per_step': 2.19}
{'step': 650, 'loss_ans': 0.271, 'loss_param': 0.02122, 'gate': 0.2031, 'sec_per_step': 2.19}
{'step': 675, 'loss_ans': 0.2798, 'loss_param': 0.02201, 'gate': 0.1641, 'sec_per_step': 2.19}
{'step': 700, 'loss_ans': 0.2663, 'loss_param': 0.03901, 'gate': 0.1749, 'sec_per_step': 2.19}
{'step': 725, 'loss_ans': 0.2692, 'loss_param': 0.01662, 'gate': 0.1825, 'sec_per_step': 2.2}
{'step': 750, 'loss_ans': 0.2557, 'loss_param': 0.03161, 'gate': 0.1755, 'sec_per_step': 2.2}
{'step': 775, 'loss_ans': 0.2774, 'loss_param': 0.02311, 'gate': 0.1636, 'sec_per_step': 2.2}
{'step': 800, 'loss_ans': 0.2747, 'loss_param': 0.01656, 'gate': 0.1746, 'sec_per_step': 2.2}
{'step': 825, 'loss_ans': 0.2705, 'loss_param': 0.01962, 'gate': 0.1717, 'sec_per_step': 2.2}
{'step': 850, 'loss_ans': 0.2692, 'loss_param': 0.018, 'gate': 0.1776, 'sec_per_step': 2.2}
{'step': 875, 'loss_ans': 0.2578, 'loss_param': 0.02011, 'gate': 0.1755, 'sec_per_step': 2.2}
{'step': 900, 'loss_ans': 0.2577, 'loss_param': 0.01456, 'gate': 0.1854, 'sec_per_step': 2.21}
{'step': 925, 'loss_ans': 0.2899, 'loss_param': 0.02383, 'gate': 0.1851, 'sec_per_step': 2.21}
{'step': 950, 'loss_ans': 0.2702, 'loss_param': 0.02421, 'gate': 0.1772, 'sec_per_step': 2.21}
{'step': 975, 'loss_ans': 0.2643, 'loss_param': 0.01698, 'gate': 0.1745, 'sec_per_step': 2.21}
{'step': 1000, 'loss_ans': 0.2869, 'loss_param': 0.02154, 'gate': 0.177, 'sec_per_step': 2.21}
CHUNK DONE step=1000 acc@0.05=0.08 mae=0.30683333333333335
Warning: You are sending unauthenticated requests to the HF Hub. Please set a HF_TOKEN to enable higher rate limits and faster downloads.
Loading weights:   0%|          | 0/290 [00:00<?, ?it/s]Loading weights: 100%|██████████| 290/290 [00:00<00:00, 5046.82it/s]
/Users/rxiii/.pyenv/versions/3.11.2/lib/python3.11/multiprocessing/resource_tracker.py:224: UserWarning: resource_tracker: There appear to be 1 leaked semaphore objects to clean up at shutdown
  warnings.warn('resource_tracker: There appear to be %d '
