ARMS START 2026-09-28 16:31
CEILING vn10e rc=0 1 2026-09-28 16:45
CONTROLS vn10e rc=0 2026-09-28 16:54
CEILING vn10ebot rc=0 1 2026-09-28 17:08
CONTROLS vn10ebot rc=0 2026-09-28 17:18
CEILING vn1e rc=0 1 2026-09-28 17:31
CONTROLS vn1e rc=0 2026-09-28 17:41
CEILING vn5e rc=0 1 2026-09-28 17:55
CONTROLS vn5e rc=0 2026-09-28 18:05
CEILING match41 rc=0 1 2026-09-28 18:18
CONTROLS match41 rc=0 2026-09-28 18:28
CEILING match205 rc=0 1 2026-09-28 18:41
CONTROLS match205 rc=0 2026-09-28 18:51
CEILING allplain rc=0 1 2026-09-28 19:04
CONTROLS allplain rc=0 2026-09-28 19:14
CEILING vn rc=0 1 2026-09-28 19:27
CONTROLS vn rc=0 2026-09-28 19:37
CEILING vn5 rc=0 1 2026-09-28 19:51
CONTROLS vn5 rc=0 2026-09-28 20:00
CEILING match0 rc=0 1 2026-09-28 20:14
CONTROLS match0 rc=0 2026-09-28 20:24
CEILING match1 rc=0 1 2026-09-28 20:37
CONTROLS match1 rc=0 2026-09-28 20:47
CEILING match2 rc=0 1 2026-09-28 21:00
CONTROLS match2 rc=0 2026-09-28 21:10
ARMS COMPLETE 2026-09-28 21:10
